172.20.0.1 - - [20/Feb/2023:16:54:24 +0000] "GET / HTTP/1.1" 200 7951 "-" "Mozilla/5.0 (Macintosh; Intel Mac OS X 10_15_7) AppleWebKit/537.36 (KHTML, like Gecko) Chrome/109.0.0.0 Safari/537.36"
172.20.0.1 - - [20/Feb/2023:16:56:49 +0000] "POST /api/v1/auth/mobile-login HTTP/1.1" 500 18766 "-" "PostmanRuntime/7.30.1"
172.20.0.1 - - [20/Feb/2023:17:02:08 +0000] "GET / HTTP/1.1" 400 650 "-" "Mozilla/5.0 (Macintosh; Intel Mac OS X 10_15_7) AppleWebKit/537.36 (KHTML, like Gecko) Chrome/109.0.0.0 Safari/537.36"
172.20.0.1 - - [20/Feb/2023:17:02:08 +0000] "GET /favicon.ico HTTP/1.1" 400 650 "http://localhost:443/" "Mozilla/5.0 (Macintosh; Intel Mac OS X 10_15_7) AppleWebKit/537.36 (KHTML, like Gecko) Chrome/109.0.0.0 Safari/537.36"
172.20.0.1 - - [20/Feb/2023:17:12:04 +0000] "POST /oauth/token HTTP/1.1" 401 129 "-" "GuzzleHttp/7"
172.20.0.1 - - [20/Feb/2023:17:12:04 +0000] "POST /api/v1/auth/mobile-login HTTP/1.1" 200 138 "-" "PostmanRuntime/7.30.1"
172.20.0.1 - - [20/Feb/2023:17:12:35 +0000] "POST /api/v1/auth/mobile-login HTTP/1.1" 500 12632 "-" "PostmanRuntime/7.30.1"
172.20.0.4 - - [20/Feb/2023:17:13:00 +0000] "POST /oauth/token HTTP/1.1" 401 129 "-" "GuzzleHttp/7"
172.20.0.1 - - [20/Feb/2023:17:13:00 +0000] "POST /api/v1/auth/mobile-login HTTP/1.1" 200 138 "-" "PostmanRuntime/7.30.1"
172.20.0.1 - - [20/Feb/2023:17:14:01 +0000] "POST /api/v1/auth/mobile-login HTTP/1.1" 500 218267 "-" "PostmanRuntime/7.30.1"
172.20.0.4 - - [20/Feb/2023:17:19:59 +0000] "POST /oauth/token HTTP/1.1" 401 129 "-" "GuzzleHttp/7"
172.20.0.1 - - [20/Feb/2023:17:19:59 +0000] "POST /api/v1/auth/mobile-login HTTP/1.1" 200 138 "-" "PostmanRuntime/7.30.1"
172.20.0.4 - - [20/Feb/2023:17:20:26 +0000] "POST /oauth/token HTTP/1.1" 200 1779 "-" "GuzzleHttp/7"
172.20.0.1 - - [20/Feb/2023:17:20:26 +0000] "POST /api/v1/auth/mobile-login HTTP/1.1" 200 1989 "-" "PostmanRuntime/7.30.1"
172.20.0.1 - - [20/Feb/2023:17:31:46 +0000] "GET / HTTP/1.1" 200 27509 "-" "curl/7.84.0"
172.20.0.1 - - [20/Feb/2023:17:32:54 +0000] "GET / HTTP/1.1" 200 7951 "-" "Mozilla/5.0 (Macintosh; Intel Mac OS X 10_15_7) AppleWebKit/537.36 (KHTML, like Gecko) Chrome/109.0.0.0 Safari/537.36"
172.20.0.1 - - [20/Feb/2023:17:34:07 +0000] "POST /api/v1/auth/mobile-login HTTP/1.1" 499 0 "-" "PostmanRuntime/7.30.1"
172.18.0.4 - - [21/Feb/2023:06:39:43 +0000] "POST /oauth/token HTTP/1.1" 200 1778 "-" "GuzzleHttp/7"
172.18.0.1 - - [21/Feb/2023:06:39:43 +0000] "POST /api/v1/auth/mobile-login HTTP/1.1" 200 1988 "-" "PostmanRuntime/7.30.1"
172.18.0.1 - - [21/Feb/2023:06:40:37 +0000] "POST /api/v1/auth/mobile-logout HTTP/1.1" 500 22358 "-" "PostmanRuntime/7.30.1"
172.20.0.1 - - [21/Feb/2023:06:47:30 +0000] "POST /api/v1/auth/mobile-logout HTTP/1.1" 204 0 "-" "PostmanRuntime/7.30.1"
172.20.0.1 - - [21/Feb/2023:06:47:37 +0000] "POST /api/v1/auth/mobile-logout HTTP/1.1" 401 41 "-" "PostmanRuntime/7.30.1"
172.20.0.4 - - [21/Feb/2023:06:49:16 +0000] "POST /oauth/token HTTP/1.1" 200 1778 "-" "GuzzleHttp/7"
172.20.0.1 - - [21/Feb/2023:06:49:16 +0000] "POST /api/v1/auth/mobile-login HTTP/1.1" 200 1988 "-" "PostmanRuntime/7.30.1"
172.20.0.1 - - [21/Feb/2023:06:49:33 +0000] "POST /api/v1/auth/mobile-logout HTTP/1.1" 204 0 "-" "PostmanRuntime/7.30.1"
172.20.0.1 - - [21/Feb/2023:06:49:36 +0000] "POST /api/v1/auth/mobile-logout HTTP/1.1" 401 41 "-" "PostmanRuntime/7.30.1"
172.20.0.1 - - [21/Feb/2023:06:49:37 +0000] "POST /api/v1/auth/mobile-logout HTTP/1.1" 401 41 "-" "PostmanRuntime/7.30.1"
172.20.0.4 - - [21/Feb/2023:06:51:33 +0000] "POST /oauth/token HTTP/1.1" 200 1779 "-" "GuzzleHttp/7"
172.20.0.1 - - [21/Feb/2023:06:51:33 +0000] "POST /api/v1/auth/mobile-login HTTP/1.1" 200 1989 "-" "PostmanRuntime/7.30.1"
172.20.0.1 - - [21/Feb/2023:06:54:20 +0000] "POST /api/v1/auth/forgot-password HTTP/1.1" 500 12555 "-" "PostmanRuntime/7.30.1"
172.20.0.1 - - [21/Feb/2023:06:54:53 +0000] "POST /api/v1/auth/forgot-password HTTP/1.1" 204 0 "-" "PostmanRuntime/7.30.1"
172.20.0.1 - - [21/Feb/2023:06:55:06 +0000] "POST /api/v1/auth/forgot-password HTTP/1.1" 204 0 "-" "PostmanRuntime/7.30.1"
172.20.0.1 - - [21/Feb/2023:07:03:32 +0000] "POST /api/v1/auth/reset-password HTTP/1.1" 400 47 "-" "PostmanRuntime/7.30.1"
172.20.0.1 - - [21/Feb/2023:07:03:50 +0000] "POST /api/v1/auth/reset-password HTTP/1.1" 200 51 "-" "PostmanRuntime/7.30.1"
172.20.0.1 - - [21/Feb/2023:07:03:52 +0000] "POST /api/v1/auth/reset-password HTTP/1.1" 400 51 "-" "PostmanRuntime/7.30.1"
172.20.0.1 - - [21/Feb/2023:07:04:20 +0000] "GET /api/v1/auth/me HTTP/1.1" 200 213 "-" "PostmanRuntime/7.30.1"
172.20.0.1 - - [21/Feb/2023:07:08:03 +0000] "POST /api/v1/auth/forgot-password HTTP/1.1" 204 0 "-" "PostmanRuntime/7.30.1"
172.20.0.1 - - [21/Feb/2023:07:08:20 +0000] "GET /api/v1/auth/me HTTP/1.1" 200 213 "-" "PostmanRuntime/7.30.1"
172.20.0.1 - - [21/Feb/2023:07:08:33 +0000] "POST /api/v1/auth/reset-password HTTP/1.1" 500 11613 "-" "PostmanRuntime/7.30.1"
172.20.0.1 - - [21/Feb/2023:07:09:09 +0000] "POST /api/v1/auth/reset-password HTTP/1.1" 400 51 "-" "PostmanRuntime/7.30.1"
172.20.0.1 - - [21/Feb/2023:07:09:17 +0000] "POST /api/v1/auth/forgot-password HTTP/1.1" 204 0 "-" "PostmanRuntime/7.30.1"
172.20.0.1 - - [21/Feb/2023:07:09:36 +0000] "POST /api/v1/auth/reset-password HTTP/1.1" 200 51 "-" "PostmanRuntime/7.30.1"
172.20.0.1 - - [21/Feb/2023:07:09:40 +0000] "GET /api/v1/auth/me HTTP/1.1" 401 41 "-" "PostmanRuntime/7.30.1"
172.20.0.1 - - [21/Feb/2023:07:19:38 +0000] "POST /api/v1/auth/login-with-refresh-token HTTP/1.1" 500 12641 "-" "PostmanRuntime/7.30.1"
172.20.0.4 - - [21/Feb/2023:07:20:27 +0000] "POST /oauth/token HTTP/1.1" 200 1779 "-" "GuzzleHttp/7"
172.20.0.1 - - [21/Feb/2023:07:20:27 +0000] "POST /api/v1/auth/login-with-refresh-token HTTP/1.1" 200 1788 "-" "PostmanRuntime/7.30.1"
172.20.0.4 - - [21/Feb/2023:07:21:15 +0000] "POST /oauth/token HTTP/1.1" 200 1778 "-" "GuzzleHttp/7"
172.20.0.1 - - [21/Feb/2023:07:21:15 +0000] "POST /api/v1/auth/login-with-refresh-token HTTP/1.1" 200 1787 "-" "PostmanRuntime/7.30.1"
172.20.0.1 - - [21/Feb/2023:10:40:54 +0000] "GET / HTTP/1.1" 200 7951 "-" "Mozilla/5.0 (Macintosh; Intel Mac OS X 10_15_7) AppleWebKit/537.36 (KHTML, like Gecko) Chrome/109.0.0.0 Safari/537.36"
172.20.0.1 - - [21/Feb/2023:10:42:13 +0000] "GET /api/v1/collections/types HTTP/1.1" 200 52 "-" "PostmanRuntime/7.30.1"
172.20.0.1 - - [21/Feb/2023:10:42:31 +0000] "GET /api/v1/collections/types HTTP/1.1" 200 52 "-" "PostmanRuntime/7.30.1"
172.20.0.1 - - [21/Feb/2023:10:42:51 +0000] "GET /api/v1/collections/countries HTTP/1.1" 200 51130 "-" "PostmanRuntime/7.30.1"
172.20.0.1 - - [21/Feb/2023:10:43:10 +0000] "GET /api/v1/collections/countries.states HTTP/1.1" 500 12074 "-" "PostmanRuntime/7.30.1"
172.20.0.1 - - [21/Feb/2023:10:45:11 +0000] "GET /api/v1/collections/countries.states HTTP/1.1" 500 147 "-" "PostmanRuntime/7.30.1"
172.20.0.1 - - [21/Feb/2023:10:46:37 +0000] "GET /api/v1/collections/countries.states?type_id=40 HTTP/1.1" 500 147 "-" "PostmanRuntime/7.30.1"
172.20.0.1 - - [21/Feb/2023:10:47:01 +0000] "GET /api/v1/collections/countries.states/40 HTTP/1.1" 200 1669 "-" "PostmanRuntime/7.30.1"
172.20.0.1 - - [21/Feb/2023:10:48:09 +0000] "GET /api/v1/collections/countries.states/85 HTTP/1.1" 200 1924 "-" "PostmanRuntime/7.30.1"
172.20.0.1 - - [21/Feb/2023:19:16:39 +0000] "GET / HTTP/1.1" 200 7951 "-" "Mozilla/5.0 (Macintosh; Intel Mac OS X 10_15_7) AppleWebKit/537.36 (KHTML, like Gecko) Chrome/109.0.0.0 Safari/537.36"
172.20.0.4 - - [21/Feb/2023:19:22:16 +0000] "POST /oauth/token HTTP/1.1" 200 1779 "-" "GuzzleHttp/7"
172.20.0.1 - - [21/Feb/2023:19:22:16 +0000] "POST /api/v1/auth/mobile-login HTTP/1.1" 200 1989 "-" "PostmanRuntime/7.30.1"
172.20.0.1 - - [21/Feb/2023:19:27:52 +0000] "POST /api/v1/merchants/setup HTTP/1.1" 500 286 "-" "PostmanRuntime/7.30.1"
172.20.0.1 - - [21/Feb/2023:19:29:09 +0000] "POST /api/v1/merchants/setup HTTP/1.1" 422 108 "-" "PostmanRuntime/7.30.1"
172.20.0.1 - - [21/Feb/2023:19:30:24 +0000] "POST /api/v1/merchants/setup HTTP/1.1" 422 108 "-" "PostmanRuntime/7.30.1"
172.20.0.1 - - [21/Feb/2023:19:30:40 +0000] "POST /api/v1/merchants/setup HTTP/1.1" 500 237 "-" "PostmanRuntime/7.30.1"
172.20.0.1 - - [21/Feb/2023:19:32:16 +0000] "POST /api/v1/merchants/setup HTTP/1.1" 500 676 "-" "PostmanRuntime/7.30.1"
172.20.0.1 - - [21/Feb/2023:19:34:04 +0000] "POST /api/v1/merchants/setup HTTP/1.1" 500 676 "-" "PostmanRuntime/7.30.1"
172.20.0.1 - - [21/Feb/2023:19:35:27 +0000] "POST /api/v1/merchants/setup HTTP/1.1" 204 0 "-" "PostmanRuntime/7.30.1"
172.20.0.1 - - [21/Feb/2023:19:38:53 +0000] "POST /api/v1/auth/mobile-login HTTP/1.1" 422 87 "-" "PostmanRuntime/7.30.1"
172.20.0.1 - - [21/Feb/2023:19:39:30 +0000] "POST /api/v1/auth/mobile-login HTTP/1.1" 422 87 "-" "PostmanRuntime/7.30.1"
172.20.0.4 - - [21/Feb/2023:19:40:27 +0000] "POST /oauth/token HTTP/1.1" 200 1786 "-" "GuzzleHttp/7"
172.20.0.1 - - [21/Feb/2023:19:40:27 +0000] "POST /api/v1/auth/mobile-login HTTP/1.1" 200 1999 "-" "PostmanRuntime/7.30.1"
172.20.0.1 - - [21/Feb/2023:19:45:28 +0000] "GET /api/v1/merchants/users/+233504569823 HTTP/1.1" 404 67 "-" "PostmanRuntime/7.30.1"
172.20.0.1 - - [21/Feb/2023:19:47:16 +0000] "GET /api/v1/user-mgmt/users/+233504569823 HTTP/1.1" 200 216 "-" "PostmanRuntime/7.30.1"
172.20.0.1 - - [21/Feb/2023:19:55:18 +0000] "POST /api/v1/user-mgmt/copilots HTTP/1.1" 500 399 "-" "PostmanRuntime/7.30.1"
172.20.0.1 - - [21/Feb/2023:19:56:46 +0000] "POST /api/v1/user-mgmt/copilots HTTP/1.1" 405 81 "-" "PostmanRuntime/7.30.1"
172.20.0.1 - - [21/Feb/2023:19:57:17 +0000] "POST /api/v1/user-mgmt/copilots/3 HTTP/1.1" 500 156 "-" "PostmanRuntime/7.30.1"
172.20.0.1 - - [21/Feb/2023:19:57:29 +0000] "POST /api/v1/user-mgmt/copilots/3 HTTP/1.1" 500 156 "-" "PostmanRuntime/7.30.1"
172.20.0.1 - - [21/Feb/2023:19:58:11 +0000] "POST /api/v1/user-mgmt/copilots/3 HTTP/1.1" 500 156 "-" "PostmanRuntime/7.30.1"
172.20.0.1 - - [21/Feb/2023:19:59:28 +0000] "POST /api/v1/user-mgmt/copilots/3 HTTP/1.1" 500 242 "-" "PostmanRuntime/7.30.1"
172.20.0.1 - - [21/Feb/2023:20:00:46 +0000] "POST /api/v1/user-mgmt/copilots/3 HTTP/1.1" 500 556 "-" "PostmanRuntime/7.30.1"
172.20.0.1 - - [21/Feb/2023:20:01:28 +0000] "POST /api/v1/user-mgmt/copilots/3 HTTP/1.1" 500 249 "-" "PostmanRuntime/7.30.1"
172.20.0.1 - - [21/Feb/2023:20:05:05 +0000] "POST /api/v1/user-mgmt/copilots/3 HTTP/1.1" 200 145 "-" "PostmanRuntime/7.30.1"
172.20.0.1 - - [23/Feb/2023:10:15:19 +0000] "GET / HTTP/1.1" 200 7951 "-" "Mozilla/5.0 (Macintosh; Intel Mac OS X 10_15_7) AppleWebKit/537.36 (KHTML, like Gecko) Chrome/109.0.0.0 Safari/537.36"
172.20.0.1 - - [23/Feb/2023:10:15:25 +0000] "GET / HTTP/1.1" 200 7951 "-" "Mozilla/5.0 (Macintosh; Intel Mac OS X 10_15_7) AppleWebKit/537.36 (KHTML, like Gecko) Chrome/109.0.0.0 Safari/537.36"
172.20.0.1 - - [23/Feb/2023:10:16:25 +0000] "GET / HTTP/1.1" 200 7951 "-" "Mozilla/5.0 (Macintosh; Intel Mac OS X 10_15_7) AppleWebKit/537.36 (KHTML, like Gecko) Chrome/109.0.0.0 Safari/537.36"
172.20.0.1 - - [23/Feb/2023:10:16:43 +0000] "GET /register HTTP/1.1" 404 67 "-" "Mozilla/5.0 (Macintosh; Intel Mac OS X 10_15_7) AppleWebKit/537.36 (KHTML, like Gecko) Chrome/109.0.0.0 Safari/537.36"
172.20.0.1 - - [23/Feb/2023:10:16:47 +0000] "GET / HTTP/1.1" 200 7951 "-" "Mozilla/5.0 (Macintosh; Intel Mac OS X 10_15_7) AppleWebKit/537.36 (KHTML, like Gecko) Chrome/109.0.0.0 Safari/537.36"
172.20.0.1 - - [23/Feb/2023:10:16:54 +0000] "GET / HTTP/1.1" 200 7951 "-" "Mozilla/5.0 (Macintosh; Intel Mac OS X 10_15_7) AppleWebKit/537.36 (KHTML, like Gecko) Chrome/109.0.0.0 Safari/537.36"
172.20.0.1 - - [23/Feb/2023:10:16:59 +0000] "GET /register HTTP/1.1" 404 67 "-" "Mozilla/5.0 (Macintosh; Intel Mac OS X 10_15_7) AppleWebKit/537.36 (KHTML, like Gecko) Chrome/109.0.0.0 Safari/537.36"
172.20.0.1 - - [23/Feb/2023:10:17:05 +0000] "GET / HTTP/1.1" 200 7951 "-" "Mozilla/5.0 (Macintosh; Intel Mac OS X 10_15_7) AppleWebKit/537.36 (KHTML, like Gecko) Chrome/109.0.0.0 Safari/537.36"
172.20.0.1 - - [23/Feb/2023:10:17:53 +0000] "GET / HTTP/1.1" 200 7951 "-" "Mozilla/5.0 (Macintosh; Intel Mac OS X 10_15_7) AppleWebKit/537.36 (KHTML, like Gecko) Chrome/109.0.0.0 Safari/537.36"
172.20.0.1 - - [23/Feb/2023:10:18:25 +0000] "GET / HTTP/1.1" 200 7951 "-" "Mozilla/5.0 (Macintosh; Intel Mac OS X 10_15_7) AppleWebKit/537.36 (KHTML, like Gecko) Chrome/109.0.0.0 Safari/537.36"
172.20.0.1 - - [23/Feb/2023:10:19:25 +0000] "GET / HTTP/1.1" 200 7951 "-" "Mozilla/5.0 (Macintosh; Intel Mac OS X 10_15_7) AppleWebKit/537.36 (KHTML, like Gecko) Chrome/109.0.0.0 Safari/537.36"
172.20.0.1 - - [23/Feb/2023:10:21:06 +0000] "GET / HTTP/1.1" 200 7951 "-" "Mozilla/5.0 (Macintosh; Intel Mac OS X 10_15_7) AppleWebKit/537.36 (KHTML, like Gecko) Chrome/109.0.0.0 Safari/537.36"
172.20.0.1 - - [23/Feb/2023:10:25:14 +0000] "GET / HTTP/1.1" 200 7951 "-" "Mozilla/5.0 (Macintosh; Intel Mac OS X 10_15_7) AppleWebKit/537.36 (KHTML, like Gecko) Chrome/109.0.0.0 Safari/537.36"
172.25.0.1 - - [23/Feb/2023:11:21:40 +0000] "GET / HTTP/1.1" 200 7951 "-" "Mozilla/5.0 (Macintosh; Intel Mac OS X 10_15_7) AppleWebKit/537.36 (KHTML, like Gecko) Chrome/109.0.0.0 Safari/537.36"
172.25.0.1 - - [23/Feb/2023:11:27:55 +0000] "GET / HTTP/1.1" 200 7951 "-" "Mozilla/5.0 (Macintosh; Intel Mac OS X 10_15_7) AppleWebKit/537.36 (KHTML, like Gecko) Chrome/109.0.0.0 Safari/537.36"
172.28.0.1 - - [23/Feb/2023:11:47:45 +0000] "GET / HTTP/1.1" 200 7951 "-" "Mozilla/5.0 (Macintosh; Intel Mac OS X 10_15_7) AppleWebKit/537.36 (KHTML, like Gecko) Chrome/109.0.0.0 Safari/537.36"
172.28.0.1 - - [27/Feb/2023:18:30:51 +0000] "GET / HTTP/1.1" 200 7951 "-" "Mozilla/5.0 (Macintosh; Intel Mac OS X 10_15_7) AppleWebKit/537.36 (KHTML, like Gecko) Chrome/109.0.0.0 Safari/537.36"
172.28.0.1 - - [02/Mar/2023:11:28:56 +0000] "GET / HTTP/1.1" 200 7951 "-" "Mozilla/5.0 (Macintosh; Intel Mac OS X 10_15_7) AppleWebKit/537.36 (KHTML, like Gecko) Chrome/109.0.0.0 Safari/537.36"
172.28.0.1 - - [02/Mar/2023:11:29:19 +0000] "GET / HTTP/1.1" 200 27509 "-" "curl/7.79.1"
172.18.0.1 - - [07/Mar/2023:11:38:07 +0000] "GET /img/logo/ HTTP/1.1" 404 67 "-" "Mozilla/5.0 (Macintosh; Intel Mac OS X 10_15_7) AppleWebKit/537.36 (KHTML, like Gecko) Chrome/110.0.0.0 Safari/537.36"
172.18.0.1 - - [07/Mar/2023:11:38:31 +0000] "GET /avatars HTTP/1.1" 404 67 "-" "Mozilla/5.0 (Macintosh; Intel Mac OS X 10_15_7) AppleWebKit/537.36 (KHTML, like Gecko) Chrome/110.0.0.0 Safari/537.36"
172.18.0.1 - - [07/Mar/2023:11:38:58 +0000] "GET /avatars/lwPcEGtQhvN7kCaSgcxvrtdVhmaDPeo47mCZwuzp.jpg HTTP/1.1" 404 67 "-" "Mozilla/5.0 (Macintosh; Intel Mac OS X 10_15_7) AppleWebKit/537.36 (KHTML, like Gecko) Chrome/110.0.0.0 Safari/537.36"
