172.20.0.1 - - [20/Feb/2023:16:54:24 +0000] "GET / HTTP/1.1" 200 7951 "-" "Mozilla/5.0 (Macintosh; Intel Mac OS X 10_15_7) AppleWebKit/537.36 (KHTML, like Gecko) Chrome/109.0.0.0 Safari/537.36"
172.20.0.1 - - [20/Feb/2023:16:56:49 +0000] "POST /api/v1/auth/mobile-login HTTP/1.1" 500 18766 "-" "PostmanRuntime/7.30.1"
172.20.0.1 - - [20/Feb/2023:17:02:08 +0000] "GET / HTTP/1.1" 400 650 "-" "Mozilla/5.0 (Macintosh; Intel Mac OS X 10_15_7) AppleWebKit/537.36 (KHTML, like Gecko) Chrome/109.0.0.0 Safari/537.36"
172.20.0.1 - - [20/Feb/2023:17:02:08 +0000] "GET /favicon.ico HTTP/1.1" 400 650 "http://localhost:443/" "Mozilla/5.0 (Macintosh; Intel Mac OS X 10_15_7) AppleWebKit/537.36 (KHTML, like Gecko) Chrome/109.0.0.0 Safari/537.36"
172.20.0.1 - - [20/Feb/2023:17:12:04 +0000] "POST /oauth/token HTTP/1.1" 401 129 "-" "GuzzleHttp/7"
172.20.0.1 - - [20/Feb/2023:17:12:04 +0000] "POST /api/v1/auth/mobile-login HTTP/1.1" 200 138 "-" "PostmanRuntime/7.30.1"
172.20.0.1 - - [20/Feb/2023:17:12:35 +0000] "POST /api/v1/auth/mobile-login HTTP/1.1" 500 12632 "-" "PostmanRuntime/7.30.1"
172.20.0.4 - - [20/Feb/2023:17:13:00 +0000] "POST /oauth/token HTTP/1.1" 401 129 "-" "GuzzleHttp/7"
172.20.0.1 - - [20/Feb/2023:17:13:00 +0000] "POST /api/v1/auth/mobile-login HTTP/1.1" 200 138 "-" "PostmanRuntime/7.30.1"
172.20.0.1 - - [20/Feb/2023:17:14:01 +0000] "POST /api/v1/auth/mobile-login HTTP/1.1" 500 218267 "-" "PostmanRuntime/7.30.1"
172.20.0.4 - - [20/Feb/2023:17:19:59 +0000] "POST /oauth/token HTTP/1.1" 401 129 "-" "GuzzleHttp/7"
172.20.0.1 - - [20/Feb/2023:17:19:59 +0000] "POST /api/v1/auth/mobile-login HTTP/1.1" 200 138 "-" "PostmanRuntime/7.30.1"
172.20.0.4 - - [20/Feb/2023:17:20:26 +0000] "POST /oauth/token HTTP/1.1" 200 1779 "-" "GuzzleHttp/7"
172.20.0.1 - - [20/Feb/2023:17:20:26 +0000] "POST /api/v1/auth/mobile-login HTTP/1.1" 200 1989 "-" "PostmanRuntime/7.30.1"
172.20.0.1 - - [20/Feb/2023:17:31:46 +0000] "GET / HTTP/1.1" 200 27509 "-" "curl/7.84.0"
172.20.0.1 - - [20/Feb/2023:17:32:54 +0000] "GET / HTTP/1.1" 200 7951 "-" "Mozilla/5.0 (Macintosh; Intel Mac OS X 10_15_7) AppleWebKit/537.36 (KHTML, like Gecko) Chrome/109.0.0.0 Safari/537.36"
172.20.0.1 - - [20/Feb/2023:17:34:07 +0000] "POST /api/v1/auth/mobile-login HTTP/1.1" 499 0 "-" "PostmanRuntime/7.30.1"
172.18.0.4 - - [21/Feb/2023:06:39:43 +0000] "POST /oauth/token HTTP/1.1" 200 1778 "-" "GuzzleHttp/7"
172.18.0.1 - - [21/Feb/2023:06:39:43 +0000] "POST /api/v1/auth/mobile-login HTTP/1.1" 200 1988 "-" "PostmanRuntime/7.30.1"
172.18.0.1 - - [21/Feb/2023:06:40:37 +0000] "POST /api/v1/auth/mobile-logout HTTP/1.1" 500 22358 "-" "PostmanRuntime/7.30.1"
172.20.0.1 - - [21/Feb/2023:06:47:30 +0000] "POST /api/v1/auth/mobile-logout HTTP/1.1" 204 0 "-" "PostmanRuntime/7.30.1"
172.20.0.1 - - [21/Feb/2023:06:47:37 +0000] "POST /api/v1/auth/mobile-logout HTTP/1.1" 401 41 "-" "PostmanRuntime/7.30.1"
172.20.0.4 - - [21/Feb/2023:06:49:16 +0000] "POST /oauth/token HTTP/1.1" 200 1778 "-" "GuzzleHttp/7"
172.20.0.1 - - [21/Feb/2023:06:49:16 +0000] "POST /api/v1/auth/mobile-login HTTP/1.1" 200 1988 "-" "PostmanRuntime/7.30.1"
172.20.0.1 - - [21/Feb/2023:06:49:33 +0000] "POST /api/v1/auth/mobile-logout HTTP/1.1" 204 0 "-" "PostmanRuntime/7.30.1"
172.20.0.1 - - [21/Feb/2023:06:49:36 +0000] "POST /api/v1/auth/mobile-logout HTTP/1.1" 401 41 "-" "PostmanRuntime/7.30.1"
172.20.0.1 - - [21/Feb/2023:06:49:37 +0000] "POST /api/v1/auth/mobile-logout HTTP/1.1" 401 41 "-" "PostmanRuntime/7.30.1"
172.20.0.4 - - [21/Feb/2023:06:51:33 +0000] "POST /oauth/token HTTP/1.1" 200 1779 "-" "GuzzleHttp/7"
172.20.0.1 - - [21/Feb/2023:06:51:33 +0000] "POST /api/v1/auth/mobile-login HTTP/1.1" 200 1989 "-" "PostmanRuntime/7.30.1"
172.20.0.1 - - [21/Feb/2023:06:54:20 +0000] "POST /api/v1/auth/forgot-password HTTP/1.1" 500 12555 "-" "PostmanRuntime/7.30.1"
172.20.0.1 - - [21/Feb/2023:06:54:53 +0000] "POST /api/v1/auth/forgot-password HTTP/1.1" 204 0 "-" "PostmanRuntime/7.30.1"
172.20.0.1 - - [21/Feb/2023:06:55:06 +0000] "POST /api/v1/auth/forgot-password HTTP/1.1" 204 0 "-" "PostmanRuntime/7.30.1"
172.20.0.1 - - [21/Feb/2023:07:03:32 +0000] "POST /api/v1/auth/reset-password HTTP/1.1" 400 47 "-" "PostmanRuntime/7.30.1"
172.20.0.1 - - [21/Feb/2023:07:03:50 +0000] "POST /api/v1/auth/reset-password HTTP/1.1" 200 51 "-" "PostmanRuntime/7.30.1"
172.20.0.1 - - [21/Feb/2023:07:03:52 +0000] "POST /api/v1/auth/reset-password HTTP/1.1" 400 51 "-" "PostmanRuntime/7.30.1"
172.20.0.1 - - [21/Feb/2023:07:04:20 +0000] "GET /api/v1/auth/me HTTP/1.1" 200 213 "-" "PostmanRuntime/7.30.1"
172.20.0.1 - - [21/Feb/2023:07:08:03 +0000] "POST /api/v1/auth/forgot-password HTTP/1.1" 204 0 "-" "PostmanRuntime/7.30.1"
172.20.0.1 - - [21/Feb/2023:07:08:20 +0000] "GET /api/v1/auth/me HTTP/1.1" 200 213 "-" "PostmanRuntime/7.30.1"
172.20.0.1 - - [21/Feb/2023:07:08:33 +0000] "POST /api/v1/auth/reset-password HTTP/1.1" 500 11613 "-" "PostmanRuntime/7.30.1"
172.20.0.1 - - [21/Feb/2023:07:09:09 +0000] "POST /api/v1/auth/reset-password HTTP/1.1" 400 51 "-" "PostmanRuntime/7.30.1"
172.20.0.1 - - [21/Feb/2023:07:09:17 +0000] "POST /api/v1/auth/forgot-password HTTP/1.1" 204 0 "-" "PostmanRuntime/7.30.1"
172.20.0.1 - - [21/Feb/2023:07:09:36 +0000] "POST /api/v1/auth/reset-password HTTP/1.1" 200 51 "-" "PostmanRuntime/7.30.1"
172.20.0.1 - - [21/Feb/2023:07:09:40 +0000] "GET /api/v1/auth/me HTTP/1.1" 401 41 "-" "PostmanRuntime/7.30.1"
172.20.0.1 - - [21/Feb/2023:07:19:38 +0000] "POST /api/v1/auth/login-with-refresh-token HTTP/1.1" 500 12641 "-" "PostmanRuntime/7.30.1"
172.20.0.4 - - [21/Feb/2023:07:20:27 +0000] "POST /oauth/token HTTP/1.1" 200 1779 "-" "GuzzleHttp/7"
172.20.0.1 - - [21/Feb/2023:07:20:27 +0000] "POST /api/v1/auth/login-with-refresh-token HTTP/1.1" 200 1788 "-" "PostmanRuntime/7.30.1"
172.20.0.4 - - [21/Feb/2023:07:21:15 +0000] "POST /oauth/token HTTP/1.1" 200 1778 "-" "GuzzleHttp/7"
172.20.0.1 - - [21/Feb/2023:07:21:15 +0000] "POST /api/v1/auth/login-with-refresh-token HTTP/1.1" 200 1787 "-" "PostmanRuntime/7.30.1"
